// Jest Snapshot v1, https://goo.gl/fbAQLP

exports[`generateAllQuizzes should return all test cases 1`] = `
Array [
  Object {
    "first": 2,
    "second": 2,
  },
  Object {
    "first": 3,
    "second": 2,
  },
  Object {
    "first": 3,
    "second": 3,
  },
  Object {
    "first": 4,
    "second": 2,
  },
  Object {
    "first": 4,
    "second": 3,
  },
  Object {
    "first": 4,
    "second": 4,
  },
  Object {
    "first": 5,
    "second": 2,
  },
  Object {
    "first": 5,
    "second": 3,
  },
  Object {
    "first": 5,
    "second": 4,
  },
  Object {
    "first": 5,
    "second": 5,
  },
  Object {
    "first": 6,
    "second": 2,
  },
  Object {
    "first": 6,
    "second": 2,
  },
  Object {
    "first": 6,
    "second": 3,
  },
  Object {
    "first": 6,
    "second": 3,
  },
  Object {
    "first": 6,
    "second": 4,
  },
  Object {
    "first": 6,
    "second": 4,
  },
  Object {
    "first": 6,
    "second": 5,
  },
  Object {
    "first": 6,
    "second": 5,
  },
  Object {
    "first": 6,
    "second": 6,
  },
  Object {
    "first": 6,
    "second": 6,
  },
  Object {
    "first": 6,
    "second": 6,
  },
  Object {
    "first": 6,
    "second": 6,
  },
  Object {
    "first": 7,
    "second": 2,
  },
  Object {
    "first": 7,
    "second": 2,
  },
  Object {
    "first": 7,
    "second": 3,
  },
  Object {
    "first": 7,
    "second": 3,
  },
  Object {
    "first": 7,
    "second": 4,
  },
  Object {
    "first": 7,
    "second": 4,
  },
  Object {
    "first": 7,
    "second": 5,
  },
  Object {
    "first": 7,
    "second": 5,
  },
  Object {
    "first": 7,
    "second": 6,
  },
  Object {
    "first": 7,
    "second": 6,
  },
  Object {
    "first": 7,
    "second": 6,
  },
  Object {
    "first": 7,
    "second": 6,
  },
  Object {
    "first": 7,
    "second": 7,
  },
  Object {
    "first": 7,
    "second": 7,
  },
  Object {
    "first": 7,
    "second": 7,
  },
  Object {
    "first": 7,
    "second": 7,
  },
  Object {
    "first": 8,
    "second": 2,
  },
  Object {
    "first": 8,
    "second": 2,
  },
  Object {
    "first": 8,
    "second": 3,
  },
  Object {
    "first": 8,
    "second": 3,
  },
  Object {
    "first": 8,
    "second": 4,
  },
  Object {
    "first": 8,
    "second": 4,
  },
  Object {
    "first": 8,
    "second": 5,
  },
  Object {
    "first": 8,
    "second": 5,
  },
  Object {
    "first": 8,
    "second": 6,
  },
  Object {
    "first": 8,
    "second": 6,
  },
  Object {
    "first": 8,
    "second": 6,
  },
  Object {
    "first": 8,
    "second": 6,
  },
  Object {
    "first": 8,
    "second": 7,
  },
  Object {
    "first": 8,
    "second": 7,
  },
  Object {
    "first": 8,
    "second": 7,
  },
  Object {
    "first": 8,
    "second": 7,
  },
  Object {
    "first": 8,
    "second": 8,
  },
  Object {
    "first": 8,
    "second": 8,
  },
  Object {
    "first": 8,
    "second": 8,
  },
  Object {
    "first": 8,
    "second": 8,
  },
  Object {
    "first": 9,
    "second": 2,
  },
  Object {
    "first": 9,
    "second": 2,
  },
  Object {
    "first": 9,
    "second": 3,
  },
  Object {
    "first": 9,
    "second": 3,
  },
  Object {
    "first": 9,
    "second": 4,
  },
  Object {
    "first": 9,
    "second": 4,
  },
  Object {
    "first": 9,
    "second": 5,
  },
  Object {
    "first": 9,
    "second": 5,
  },
  Object {
    "first": 9,
    "second": 6,
  },
  Object {
    "first": 9,
    "second": 6,
  },
  Object {
    "first": 9,
    "second": 6,
  },
  Object {
    "first": 9,
    "second": 6,
  },
  Object {
    "first": 9,
    "second": 7,
  },
  Object {
    "first": 9,
    "second": 7,
  },
  Object {
    "first": 9,
    "second": 7,
  },
  Object {
    "first": 9,
    "second": 7,
  },
  Object {
    "first": 9,
    "second": 8,
  },
  Object {
    "first": 9,
    "second": 8,
  },
  Object {
    "first": 9,
    "second": 8,
  },
  Object {
    "first": 9,
    "second": 8,
  },
  Object {
    "first": 9,
    "second": 9,
  },
  Object {
    "first": 9,
    "second": 9,
  },
  Object {
    "first": 9,
    "second": 9,
  },
  Object {
    "first": 9,
    "second": 9,
  },
  Object {
    "first": 10,
    "second": 2,
  },
  Object {
    "first": 10,
    "second": 3,
  },
  Object {
    "first": 10,
    "second": 4,
  },
  Object {
    "first": 10,
    "second": 5,
  },
  Object {
    "first": 10,
    "second": 6,
  },
  Object {
    "first": 10,
    "second": 6,
  },
  Object {
    "first": 10,
    "second": 7,
  },
  Object {
    "first": 10,
    "second": 7,
  },
  Object {
    "first": 10,
    "second": 8,
  },
  Object {
    "first": 10,
    "second": 8,
  },
  Object {
    "first": 10,
    "second": 9,
  },
  Object {
    "first": 10,
    "second": 9,
  },
  Object {
    "first": 10,
    "second": 10,
  },
  Object {
    "first": 11,
    "second": 2,
  },
  Object {
    "first": 11,
    "second": 3,
  },
  Object {
    "first": 11,
    "second": 4,
  },
  Object {
    "first": 11,
    "second": 5,
  },
  Object {
    "first": 11,
    "second": 6,
  },
  Object {
    "first": 11,
    "second": 6,
  },
  Object {
    "first": 11,
    "second": 7,
  },
  Object {
    "first": 11,
    "second": 7,
  },
  Object {
    "first": 11,
    "second": 8,
  },
  Object {
    "first": 11,
    "second": 8,
  },
  Object {
    "first": 11,
    "second": 9,
  },
  Object {
    "first": 11,
    "second": 9,
  },
  Object {
    "first": 11,
    "second": 10,
  },
  Object {
    "first": 11,
    "second": 11,
  },
  Object {
    "first": 12,
    "second": 2,
  },
  Object {
    "first": 12,
    "second": 3,
  },
  Object {
    "first": 12,
    "second": 4,
  },
  Object {
    "first": 12,
    "second": 5,
  },
  Object {
    "first": 12,
    "second": 6,
  },
  Object {
    "first": 12,
    "second": 6,
  },
  Object {
    "first": 12,
    "second": 7,
  },
  Object {
    "first": 12,
    "second": 7,
  },
  Object {
    "first": 12,
    "second": 8,
  },
  Object {
    "first": 12,
    "second": 8,
  },
  Object {
    "first": 12,
    "second": 9,
  },
  Object {
    "first": 12,
    "second": 9,
  },
  Object {
    "first": 12,
    "second": 10,
  },
  Object {
    "first": 12,
    "second": 11,
  },
  Object {
    "first": 12,
    "second": 12,
  },
]
`;
